
Gurobi 8.0.1 (linux64) logging started Mon Feb 10 11:42:22 2025


Gurobi Optimizer version 8.0.1 build v8.0.1rc0 (linux64)
Copyright (c) 2018, Gurobi Optimization, LLC

Read LP format model from file probleme.lp
Reading time = 0.02 seconds
obj: 42 rows, 99 columns, 297 nonzeros
Optimize a model with 42 rows, 99 columns and 297 nonzeros
Variable types: 0 continuous, 99 integer (99 binary)
Coefficient statistics:
  Matrix range     [1e+00, 1e+00]
  Objective range  [1e+00, 1e+00]
  Bounds range     [1e+00, 1e+00]
  RHS range        [1e+00, 2e+00]
Presolve removed 28 rows and 72 columns
Presolve time: 0.02s
Presolved: 14 rows, 27 columns, 54 nonzeros
Variable types: 0 continuous, 27 integer (27 binary)

Root relaxation: infeasible, 10 iterations, 0.01 seconds

    Nodes    |    Current Node    |     Objective Bounds      |     Work
 Expl Unexpl |  Obj  Depth IntInf | Incumbent    BestBd   Gap | It/Node Time

     0     0 infeasible    0               - infeasible      -     -    0s

Explored 0 nodes (10 simplex iterations) in 0.09 seconds
Thread count was 24 (of 24 available processors)

Solution count 0

Model is infeasible
Best objective -, best bound -, gap -

Unable to retrieve attribute 'X'


Gurobi 8.0.1 (linux64) logging started Mon Feb 10 11:53:22 2025


Gurobi Optimizer version 8.0.1 build v8.0.1rc0 (linux64)
Copyright (c) 2018, Gurobi Optimization, LLC

Read LP format model from file probleme_equitable.lp
Reading time = 0.00 seconds
obj: 42 rows, 99 columns, 297 nonzeros
Optimize a model with 42 rows, 99 columns and 297 nonzeros
Variable types: 0 continuous, 99 integer (99 binary)
Coefficient statistics:
  Matrix range     [1e+00, 1e+00]
  Objective range  [1e+00, 1e+00]
  Bounds range     [1e+00, 1e+00]
  RHS range        [1e+00, 2e+00]
Presolve removed 28 rows and 72 columns
Presolve time: 0.00s
Presolved: 14 rows, 27 columns, 54 nonzeros
Variable types: 0 continuous, 27 integer (27 binary)

Root relaxation: infeasible, 10 iterations, 0.00 seconds

    Nodes    |    Current Node    |     Objective Bounds      |     Work
 Expl Unexpl |  Obj  Depth IntInf | Incumbent    BestBd   Gap | It/Node Time

     0     0 infeasible    0               - infeasible      -     -    0s

Explored 0 nodes (10 simplex iterations) in 0.01 seconds
Thread count was 24 (of 24 available processors)

Solution count 0

Model is infeasible
Best objective -, best bound -, gap -

Unable to retrieve attribute 'X'


Gurobi 8.0.1 (linux64) logging started Mon Feb 10 12:14:33 2025


Gurobi Optimizer version 8.0.1 build v8.0.1rc0 (linux64)
Copyright (c) 2018, Gurobi Optimization, LLC

Read LP format model from file probleme_equitable.lp
Reading time = 0.00 seconds
obj: 42 rows, 99 columns, 297 nonzeros
Optimize a model with 42 rows, 99 columns and 297 nonzeros
Variable types: 0 continuous, 99 integer (99 binary)
Coefficient statistics:
  Matrix range     [1e+00, 1e+00]
  Objective range  [1e+00, 1e+00]
  Bounds range     [1e+00, 1e+00]
  RHS range        [1e+00, 2e+00]
Presolve removed 28 rows and 72 columns
Presolve time: 0.00s
Presolved: 14 rows, 27 columns, 54 nonzeros
Variable types: 0 continuous, 27 integer (27 binary)

Root relaxation: infeasible, 10 iterations, 0.00 seconds

    Nodes    |    Current Node    |     Objective Bounds      |     Work
 Expl Unexpl |  Obj  Depth IntInf | Incumbent    BestBd   Gap | It/Node Time

     0     0 infeasible    0               - infeasible      -     -    0s

Explored 0 nodes (10 simplex iterations) in 0.00 seconds
Thread count was 24 (of 24 available processors)

Solution count 0

Model is infeasible
Best objective -, best bound -, gap -

Unable to retrieve attribute 'X'


Gurobi 8.0.1 (linux64) logging started Mon Feb 10 12:15:10 2025


Gurobi Optimizer version 8.0.1 build v8.0.1rc0 (linux64)
Copyright (c) 2018, Gurobi Optimization, LLC

Read LP format model from file probleme_equitable.lp
Reading time = 0.00 seconds
: 42 rows, 99 columns, 297 nonzeros
Optimize a model with 42 rows, 99 columns and 297 nonzeros
Variable types: 0 continuous, 99 integer (99 binary)
Coefficient statistics:
  Matrix range     [1e+00, 1e+00]
  Objective range  [1e+00, 1e+00]
  Bounds range     [1e+00, 1e+00]
  RHS range        [1e+00, 2e+00]
Presolve removed 28 rows and 72 columns
Presolve time: 0.00s
Presolved: 14 rows, 27 columns, 54 nonzeros
Variable types: 0 continuous, 27 integer (27 binary)

Root relaxation: infeasible, 10 iterations, 0.00 seconds

    Nodes    |    Current Node    |     Objective Bounds      |     Work
 Expl Unexpl |  Obj  Depth IntInf | Incumbent    BestBd   Gap | It/Node Time

     0     0 infeasible    0               - infeasible      -     -    0s

Explored 0 nodes (10 simplex iterations) in 0.01 seconds
Thread count was 24 (of 24 available processors)

Solution count 0

Model is infeasible
Best objective -, best bound -, gap -

Unable to retrieve attribute 'X'


Gurobi 8.0.1 (linux64) logging started Mon Feb 10 12:28:15 2025


Gurobi Optimizer version 8.0.1 build v8.0.1rc0 (linux64)
Copyright (c) 2018, Gurobi Optimization, LLC

Read LP format model from file probleme_efficace.lp
Reading time = 0.00 seconds
: 20 rows, 99 columns, 198 nonzeros
Optimize a model with 20 rows, 99 columns and 198 nonzeros
Variable types: 0 continuous, 99 integer (99 binary)
Coefficient statistics:
  Matrix range     [1e+00, 1e+00]
  Objective range  [2e+00, 2e+01]
  Bounds range     [1e+00, 1e+00]
  RHS range        [1e+00, 2e+00]
Found heuristic solution: objective 82.0000000
Presolve time: 0.00s
Presolved: 20 rows, 99 columns, 198 nonzeros
Variable types: 0 continuous, 99 integer (99 binary)

Root relaxation: objective 1.560000e+02, 9 iterations, 0.00 seconds

    Nodes    |    Current Node    |     Objective Bounds      |     Work
 Expl Unexpl |  Obj  Depth IntInf | Incumbent    BestBd   Gap | It/Node Time

*    0     0               0     156.0000000  156.00000  0.00%     -    0s

Explored 0 nodes (9 simplex iterations) in 0.01 seconds
Thread count was 24 (of 24 available processors)

Solution count 2: 156 82 

Optimal solution found (tolerance 1.00e-04)
Best objective 1.560000000000e+02, best bound 1.560000000000e+02, gap 0.0000%

Wrote result file 'affectation.sol'


Gurobi 8.0.1 (linux64) logging started Mon Feb 10 12:31:37 2025


Gurobi Optimizer version 8.0.1 build v8.0.1rc0 (linux64)
Copyright (c) 2018, Gurobi Optimization, LLC

Read LP format model from file probleme_equitable.lp
Reading time = 0.00 seconds
: 42 rows, 99 columns, 297 nonzeros
Optimize a model with 42 rows, 99 columns and 297 nonzeros
Variable types: 0 continuous, 99 integer (99 binary)
Coefficient statistics:
  Matrix range     [1e+00, 1e+00]
  Objective range  [1e+00, 1e+00]
  Bounds range     [1e+00, 1e+00]
  RHS range        [1e+00, 2e+00]
Found heuristic solution: objective 11.0000000
Presolve removed 24 rows and 49 columns
Presolve time: 0.00s
Presolved: 18 rows, 50 columns, 100 nonzeros
Variable types: 0 continuous, 50 integer (50 binary)

Root relaxation: cutoff, 0 iterations, 0.00 seconds

Explored 0 nodes (0 simplex iterations) in 0.00 seconds
Thread count was 24 (of 24 available processors)

Solution count 1: 11 

Optimal solution found (tolerance 1.00e-04)
Best objective 1.100000000000e+01, best bound 1.100000000000e+01, gap 0.0000%

Wrote result file 'affectation.sol'


Gurobi 8.0.1 (linux64) logging started Mon Feb 10 12:34:56 2025


Gurobi Optimizer version 8.0.1 build v8.0.1rc0 (linux64)
Copyright (c) 2018, Gurobi Optimization, LLC

Read LP format model from file probleme_equitable.lp
Reading time = 0.00 seconds
: 42 rows, 99 columns, 297 nonzeros
Optimize a model with 42 rows, 99 columns and 297 nonzeros
Variable types: 0 continuous, 99 integer (99 binary)
Coefficient statistics:
  Matrix range     [1e+00, 1e+00]
  Objective range  [1e+00, 1e+00]
  Bounds range     [1e+00, 1e+00]
  RHS range        [1e+00, 2e+00]
Presolve removed 25 rows and 59 columns
Presolve time: 0.00s
Presolved: 17 rows, 40 columns, 80 nonzeros
Variable types: 0 continuous, 40 integer (40 binary)

Root relaxation: infeasible, 18 iterations, 0.00 seconds

    Nodes    |    Current Node    |     Objective Bounds      |     Work
 Expl Unexpl |  Obj  Depth IntInf | Incumbent    BestBd   Gap | It/Node Time

     0     0 infeasible    0               - infeasible      -     -    0s

Explored 0 nodes (18 simplex iterations) in 0.01 seconds
Thread count was 24 (of 24 available processors)

Solution count 0

Model is infeasible
Best objective -, best bound -, gap -

Unable to retrieve attribute 'X'


Gurobi 8.0.1 (linux64) logging started Mon Feb 10 12:50:38 2025


Gurobi Optimizer version 8.0.1 build v8.0.1rc0 (linux64)
Copyright (c) 2018, Gurobi Optimization, LLC

Read LP format model from file probleme_equitable.lp
Reading time = 0.00 seconds
: 31 rows, 99 columns, 253 nonzeros
Optimize a model with 31 rows, 99 columns and 253 nonzeros
Variable types: 0 continuous, 99 integer (99 binary)
Coefficient statistics:
  Matrix range     [1e+00, 1e+00]
  Objective range  [1e+00, 1e+00]
  Bounds range     [1e+00, 1e+00]
  RHS range        [1e+00, 2e+00]
Found heuristic solution: objective 9.0000000
Presolve removed 11 rows and 0 columns
Presolve time: 0.00s
Presolved: 20 rows, 99 columns, 198 nonzeros
Variable types: 0 continuous, 99 integer (99 binary)

Root relaxation: objective 1.100000e+01, 18 iterations, 0.00 seconds

    Nodes    |    Current Node    |     Objective Bounds      |     Work
 Expl Unexpl |  Obj  Depth IntInf | Incumbent    BestBd   Gap | It/Node Time

*    0     0               0      11.0000000   11.00000  0.00%     -    0s

Explored 0 nodes (18 simplex iterations) in 0.01 seconds
Thread count was 24 (of 24 available processors)

Solution count 2: 11 9 

Optimal solution found (tolerance 1.00e-04)
Best objective 1.100000000000e+01, best bound 1.100000000000e+01, gap 0.0000%

Wrote result file 'affectation.sol'


Gurobi 8.0.1 (linux64) logging started Mon Feb 10 12:54:47 2025


Gurobi Optimizer version 8.0.1 build v8.0.1rc0 (linux64)
Copyright (c) 2018, Gurobi Optimization, LLC

Read LP format model from file probleme_equitable.lp
Reading time = 0.00 seconds
: 42 rows, 99 columns, 297 nonzeros
Optimize a model with 42 rows, 99 columns and 297 nonzeros
Variable types: 0 continuous, 99 integer (99 binary)
Coefficient statistics:
  Matrix range     [1e+00, 1e+00]
  Objective range  [1e+00, 1e+00]
  Bounds range     [1e+00, 1e+00]
  RHS range        [1e+00, 2e+00]
Presolve removed 25 rows and 59 columns
Presolve time: 0.00s
Presolved: 17 rows, 40 columns, 80 nonzeros
Variable types: 0 continuous, 40 integer (40 binary)

Root relaxation: infeasible, 18 iterations, 0.00 seconds

    Nodes    |    Current Node    |     Objective Bounds      |     Work
 Expl Unexpl |  Obj  Depth IntInf | Incumbent    BestBd   Gap | It/Node Time

     0     0 infeasible    0               - infeasible      -     -    0s

Explored 0 nodes (18 simplex iterations) in 0.01 seconds
Thread count was 24 (of 24 available processors)

Solution count 0

Model is infeasible
Best objective -, best bound -, gap -

Unable to retrieve attribute 'X'


Gurobi 8.0.1 (linux64) logging started Mon Feb 10 12:55:13 2025


Gurobi Optimizer version 8.0.1 build v8.0.1rc0 (linux64)
Copyright (c) 2018, Gurobi Optimization, LLC

Read LP format model from file probleme_equitable.lp
Reading time = 0.00 seconds
: 42 rows, 99 columns, 297 nonzeros
Optimize a model with 42 rows, 99 columns and 297 nonzeros
Variable types: 0 continuous, 99 integer (99 binary)
Coefficient statistics:
  Matrix range     [1e+00, 1e+00]
  Objective range  [1e+00, 1e+00]
  Bounds range     [1e+00, 1e+00]
  RHS range        [1e+00, 2e+00]
Found heuristic solution: objective 11.0000000
Presolve removed 24 rows and 49 columns
Presolve time: 0.00s
Presolved: 18 rows, 50 columns, 100 nonzeros
Variable types: 0 continuous, 50 integer (50 binary)

Root relaxation: cutoff, 0 iterations, 0.00 seconds

Explored 0 nodes (0 simplex iterations) in 0.00 seconds
Thread count was 24 (of 24 available processors)

Solution count 1: 11 

Optimal solution found (tolerance 1.00e-04)
Best objective 1.100000000000e+01, best bound 1.100000000000e+01, gap 0.0000%

Wrote result file 'affectation.sol'


Gurobi 8.0.1 (linux64) logging started Mon Feb 10 13:15:54 2025


Gurobi Optimizer version 8.0.1 build v8.0.1rc0 (linux64)
Copyright (c) 2018, Gurobi Optimization, LLC

Error reading LP format file probleme_equitable.lp at line 24
Token contains more than 255 characters
Neighboring tokens: " Binary x0_0x0_1x0_2x0_3x0_4x0_5x0_6x0_7x0_8x1_0x1_1x1_2x1_3x1_4x1_5x1_6x1_7x1_8x2_0x2_1x2_2x2_3x2_4x2_5x2_6x2_7x2_8x3_0x3_1x3_2x3_3x3_4x3_5x3_6x3_7x3_8x4_0x4_1x4_2x4_3x4_4x4_5x4_6x4_7x4_8x5_0x5_1x5_2x5_3x5_4x5_5x5_6x5_7x5_8x6_0x6_1x6_2x6_3x6_4x6_5x6_6x6_7x6_8x7_0 "


ERROR 10012: Unable to read file


Gurobi 8.0.1 (linux64) logging started Mon Feb 10 13:16:33 2025


Gurobi Optimizer version 8.0.1 build v8.0.1rc0 (linux64)
Copyright (c) 2018, Gurobi Optimization, LLC

Read LP format model from file probleme_equitable.lp
Reading time = 0.00 seconds
: 20 rows, 99 columns, 154 nonzeros
Optimize a model with 20 rows, 99 columns and 154 nonzeros
Variable types: 0 continuous, 99 integer (99 binary)
Coefficient statistics:
  Matrix range     [1e+00, 1e+00]
  Objective range  [1e+00, 1e+00]
  Bounds range     [1e+00, 1e+00]
  RHS range        [1e+00, 2e+00]
Found heuristic solution: objective 11.0000000
Presolve removed 2 rows and 49 columns
Presolve time: 0.00s
Presolved: 18 rows, 50 columns, 100 nonzeros
Variable types: 0 continuous, 50 integer (50 binary)

Root relaxation: cutoff, 0 iterations, 0.00 seconds

Explored 0 nodes (0 simplex iterations) in 0.00 seconds
Thread count was 24 (of 24 available processors)

Solution count 1: 11 

Optimal solution found (tolerance 1.00e-04)
Best objective 1.100000000000e+01, best bound 1.100000000000e+01, gap 0.0000%

Wrote result file 'affectation.sol'


Gurobi 8.0.1 (linux64) logging started Mon Feb 10 13:24:51 2025


Gurobi Optimizer version 8.0.1 build v8.0.1rc0 (linux64)
Copyright (c) 2018, Gurobi Optimization, LLC

Error reading LP format file probleme_equitable.lp at line 3
Incomplete constraint


ERROR 10012: Unable to read file


Gurobi 8.0.1 (linux64) logging started Mon Feb 10 13:25:58 2025


Gurobi Optimizer version 8.0.1 build v8.0.1rc0 (linux64)
Copyright (c) 2018, Gurobi Optimization, LLC

Read LP format model from file probleme_equitable.lp
Reading time = 0.00 seconds
: 20 rows, 99 columns, 99 nonzeros
Optimize a model with 20 rows, 99 columns and 99 nonzeros
Variable types: 44 continuous, 55 integer (55 binary)
Coefficient statistics:
  Matrix range     [1e+00, 1e+00]
  Objective range  [1e+00, 1e+00]
  Bounds range     [1e+00, 1e+00]
  RHS range        [1e+00, 2e+00]
Found heuristic solution: objective 11.0000000
Presolve removed 20 rows and 99 columns
Presolve time: 0.00s
Presolve: All rows and columns removed

Explored 0 nodes (0 simplex iterations) in 0.00 seconds
Thread count was 1 (of 24 available processors)

Solution count 1: 11 

Optimal solution found (tolerance 1.00e-04)
Best objective 1.100000000000e+01, best bound 1.100000000000e+01, gap 0.0000%

Wrote result file 'affectation.sol'


Gurobi 8.0.1 (linux64) logging started Mon Feb 10 13:27:52 2025


Gurobi Optimizer version 8.0.1 build v8.0.1rc0 (linux64)
Copyright (c) 2018, Gurobi Optimization, LLC

Read LP format model from file probleme_equitable.lp
Reading time = 0.00 seconds
: 20 rows, 55 columns, 110 nonzeros
Optimize a model with 20 rows, 55 columns and 110 nonzeros
Variable types: 0 continuous, 55 integer (55 binary)
Coefficient statistics:
  Matrix range     [1e+00, 1e+00]
  Objective range  [1e+00, 1e+00]
  Bounds range     [1e+00, 1e+00]
  RHS range        [1e+00, 2e+00]
Found heuristic solution: objective 11.0000000
Presolve removed 2 rows and 5 columns
Presolve time: 0.00s
Presolved: 18 rows, 50 columns, 100 nonzeros
Variable types: 0 continuous, 50 integer (50 binary)

Root relaxation: cutoff, 0 iterations, 0.00 seconds

Explored 0 nodes (0 simplex iterations) in 0.00 seconds
Thread count was 24 (of 24 available processors)

Solution count 1: 11 

Optimal solution found (tolerance 1.00e-04)
Best objective 1.100000000000e+01, best bound 1.100000000000e+01, gap 0.0000%

Wrote result file 'affectation.sol'


Gurobi 8.0.1 (linux64) logging started Mon Feb 10 13:31:49 2025


Gurobi Optimizer version 8.0.1 build v8.0.1rc0 (linux64)
Copyright (c) 2018, Gurobi Optimization, LLC

Read LP format model from file probleme_efficace.lp
Reading time = 0.00 seconds
: 20 rows, 99 columns, 198 nonzeros
Optimize a model with 20 rows, 99 columns and 198 nonzeros
Variable types: 0 continuous, 99 integer (99 binary)
Coefficient statistics:
  Matrix range     [1e+00, 1e+00]
  Objective range  [2e+00, 2e+01]
  Bounds range     [1e+00, 1e+00]
  RHS range        [1e+00, 2e+00]
Found heuristic solution: objective 87.0000000
Presolve time: 0.00s
Presolved: 20 rows, 99 columns, 198 nonzeros
Variable types: 0 continuous, 99 integer (99 binary)

Root relaxation: objective 1.560000e+02, 8 iterations, 0.00 seconds

    Nodes    |    Current Node    |     Objective Bounds      |     Work
 Expl Unexpl |  Obj  Depth IntInf | Incumbent    BestBd   Gap | It/Node Time

*    0     0               0     156.0000000  156.00000  0.00%     -    0s

Explored 0 nodes (8 simplex iterations) in 0.01 seconds
Thread count was 24 (of 24 available processors)

Solution count 2: 156 87 

Optimal solution found (tolerance 1.00e-04)
Best objective 1.560000000000e+02, best bound 1.560000000000e+02, gap 0.0000%

Wrote result file 'affectation.sol'


Gurobi 8.0.1 (linux64) logging started Mon Feb 10 13:52:35 2025


Gurobi Optimizer version 8.0.1 build v8.0.1rc0 (linux64)
Copyright (c) 2018, Gurobi Optimization, LLC

Read LP format model from file probleme_efficace.lp
Reading time = 0.00 seconds
: 20 rows, 99 columns, 198 nonzeros
Optimize a model with 20 rows, 99 columns and 198 nonzeros
Variable types: 0 continuous, 99 integer (99 binary)
Coefficient statistics:
  Matrix range     [1e+00, 1e+00]
  Objective range  [2e+00, 2e+01]
  Bounds range     [1e+00, 1e+00]
  RHS range        [1e+00, 2e+00]
Found heuristic solution: objective 87.0000000
Presolve time: 0.00s
Presolved: 20 rows, 99 columns, 198 nonzeros
Variable types: 0 continuous, 99 integer (99 binary)

Root relaxation: objective 1.560000e+02, 8 iterations, 0.00 seconds

    Nodes    |    Current Node    |     Objective Bounds      |     Work
 Expl Unexpl |  Obj  Depth IntInf | Incumbent    BestBd   Gap | It/Node Time

*    0     0               0     156.0000000  156.00000  0.00%     -    0s

Explored 0 nodes (8 simplex iterations) in 0.01 seconds
Thread count was 24 (of 24 available processors)

Solution count 2: 156 87 

Optimal solution found (tolerance 1.00e-04)
Best objective 1.560000000000e+02, best bound 1.560000000000e+02, gap 0.0000%

Wrote result file 'affectation.sol'


Gurobi 8.0.1 (linux64) logging started Mon Feb 10 13:52:53 2025


Gurobi Optimizer version 8.0.1 build v8.0.1rc0 (linux64)
Copyright (c) 2018, Gurobi Optimization, LLC

Read LP format model from file probleme_utilite.lp
Reading time = 0.00 seconds
: 20 rows, 55 columns, 110 nonzeros
Optimize a model with 20 rows, 55 columns and 110 nonzeros
Variable types: 0 continuous, 55 integer (55 binary)
Coefficient statistics:
  Matrix range     [1e+00, 1e+00]
  Objective range  [2e+00, 2e+01]
  Bounds range     [1e+00, 1e+00]
  RHS range        [1e+00, 2e+00]
Found heuristic solution: objective 112.0000000
Presolve removed 2 rows and 5 columns
Presolve time: 0.00s
Presolved: 18 rows, 50 columns, 100 nonzeros
Variable types: 0 continuous, 50 integer (50 binary)

Root relaxation: objective 1.260000e+02, 16 iterations, 0.00 seconds

    Nodes    |    Current Node    |     Objective Bounds      |     Work
 Expl Unexpl |  Obj  Depth IntInf | Incumbent    BestBd   Gap | It/Node Time

*    0     0               0     126.0000000  126.00000  0.00%     -    0s

Explored 0 nodes (16 simplex iterations) in 0.01 seconds
Thread count was 24 (of 24 available processors)

Solution count 2: 126 112 

Optimal solution found (tolerance 1.00e-04)
Best objective 1.260000000000e+02, best bound 1.260000000000e+02, gap 0.0000%

Wrote result file 'affectation.sol'


Gurobi 8.0.1 (linux64) logging started Mon Feb 10 13:53:38 2025


Gurobi Optimizer version 8.0.1 build v8.0.1rc0 (linux64)
Copyright (c) 2018, Gurobi Optimization, LLC

Read LP format model from file probleme_utilite.lp
Reading time = 0.00 seconds
: 20 rows, 66 columns, 132 nonzeros
Optimize a model with 20 rows, 66 columns and 132 nonzeros
Variable types: 0 continuous, 66 integer (66 binary)
Coefficient statistics:
  Matrix range     [1e+00, 1e+00]
  Objective range  [2e+00, 2e+01]
  Bounds range     [1e+00, 1e+00]
  RHS range        [1e+00, 2e+00]
Found heuristic solution: objective 112.0000000
Presolve time: 0.00s
Presolved: 20 rows, 66 columns, 132 nonzeros
Variable types: 0 continuous, 66 integer (66 binary)

Root relaxation: objective 1.380000e+02, 17 iterations, 0.00 seconds

    Nodes    |    Current Node    |     Objective Bounds      |     Work
 Expl Unexpl |  Obj  Depth IntInf | Incumbent    BestBd   Gap | It/Node Time

*    0     0               0     138.0000000  138.00000  0.00%     -    0s

Explored 0 nodes (17 simplex iterations) in 0.01 seconds
Thread count was 24 (of 24 available processors)

Solution count 2: 138 112 

Optimal solution found (tolerance 1.00e-04)
Best objective 1.380000000000e+02, best bound 1.380000000000e+02, gap 0.0000%

Wrote result file 'affectation.sol'


Gurobi 8.0.1 (linux64) logging started Tue Feb 11 18:38:09 2025


Gurobi Optimizer version 8.0.1 build v8.0.1rc0 (linux64)
Copyright (c) 2018, Gurobi Optimization, LLC

Read LP format model from file kpremier_efficace.lp
Reading time = 0.02 seconds
: 20 rows, 99 columns, 154 nonzeros
Optimize a model with 20 rows, 99 columns and 154 nonzeros
Variable types: 0 continuous, 99 integer (99 binary)
Coefficient statistics:
  Matrix range     [1e+00, 1e+00]
  Objective range  [2e+00, 2e+01]
  Bounds range     [1e+00, 1e+00]
  RHS range        [1e+00, 2e+00]
Presolve removed 4 rows and 44 columns
Presolve time: 0.02s
Presolved: 16 rows, 55 columns, 110 nonzeros
Variable types: 0 continuous, 55 integer (55 binary)

Root relaxation: infeasible, 13 iterations, 0.00 seconds

    Nodes    |    Current Node    |     Objective Bounds      |     Work
 Expl Unexpl |  Obj  Depth IntInf | Incumbent    BestBd   Gap | It/Node Time

     0     0 infeasible    0               - infeasible      -     -    0s

Explored 0 nodes (13 simplex iterations) in 0.05 seconds
Thread count was 24 (of 24 available processors)

Solution count 0

Model is infeasible
Best objective -, best bound -, gap -

Unable to retrieve attribute 'X'


Gurobi 8.0.1 (linux64) logging started Tue Feb 11 18:39:34 2025


Gurobi Optimizer version 8.0.1 build v8.0.1rc0 (linux64)
Copyright (c) 2018, Gurobi Optimization, LLC

Read LP format model from file kpremier_efficace.lp
Reading time = 0.00 seconds
: 20 rows, 99 columns, 154 nonzeros
Optimize a model with 20 rows, 99 columns and 154 nonzeros
Variable types: 0 continuous, 99 integer (99 binary)
Coefficient statistics:
  Matrix range     [1e+00, 1e+00]
  Objective range  [2e+00, 2e+01]
  Bounds range     [1e+00, 1e+00]
  RHS range        [1e+00, 2e+00]
Presolve removed 4 rows and 44 columns
Presolve time: 0.00s
Presolved: 16 rows, 55 columns, 110 nonzeros
Variable types: 0 continuous, 55 integer (55 binary)

Root relaxation: infeasible, 13 iterations, 0.00 seconds

    Nodes    |    Current Node    |     Objective Bounds      |     Work
 Expl Unexpl |  Obj  Depth IntInf | Incumbent    BestBd   Gap | It/Node Time

     0     0 infeasible    0               - infeasible      -     -    0s

Explored 0 nodes (13 simplex iterations) in 0.00 seconds
Thread count was 24 (of 24 available processors)

Solution count 0

Model is infeasible
Best objective -, best bound -, gap -

Unable to retrieve attribute 'X'


Gurobi 8.0.1 (linux64) logging started Tue Feb 11 18:41:20 2025


Gurobi Optimizer version 8.0.1 build v8.0.1rc0 (linux64)
Copyright (c) 2018, Gurobi Optimization, LLC

Read LP format model from file probleme_efficace.lp
Reading time = 0.00 seconds
: 20 rows, 99 columns, 198 nonzeros
Optimize a model with 20 rows, 99 columns and 198 nonzeros
Variable types: 0 continuous, 99 integer (99 binary)
Coefficient statistics:
  Matrix range     [1e+00, 1e+00]
  Objective range  [2e+00, 2e+01]
  Bounds range     [1e+00, 1e+00]
  RHS range        [1e+00, 2e+00]
Found heuristic solution: objective 87.0000000
Presolve time: 0.00s
Presolved: 20 rows, 99 columns, 198 nonzeros
Variable types: 0 continuous, 99 integer (99 binary)

Root relaxation: objective 1.560000e+02, 8 iterations, 0.00 seconds

    Nodes    |    Current Node    |     Objective Bounds      |     Work
 Expl Unexpl |  Obj  Depth IntInf | Incumbent    BestBd   Gap | It/Node Time

*    0     0               0     156.0000000  156.00000  0.00%     -    0s

Explored 0 nodes (8 simplex iterations) in 0.01 seconds
Thread count was 24 (of 24 available processors)

Solution count 2: 156 87 

Optimal solution found (tolerance 1.00e-04)
Best objective 1.560000000000e+02, best bound 1.560000000000e+02, gap 0.0000%

Wrote result file 'probleme_efficace.sol'


Gurobi 8.0.1 (linux64) logging started Tue Feb 11 18:42:12 2025


Gurobi Optimizer version 8.0.1 build v8.0.1rc0 (linux64)
Copyright (c) 2018, Gurobi Optimization, LLC

Read LP format model from file probleme_equitable.lp
Reading time = 0.00 seconds
: 31 rows, 100 columns, 297 nonzeros
Optimize a model with 31 rows, 100 columns and 297 nonzeros
Variable types: 0 continuous, 100 integer (99 binary)
Coefficient statistics:
  Matrix range     [1e+00, 8e+00]
  Objective range  [1e+00, 1e+00]
  Bounds range     [1e+00, 1e+00]
  RHS range        [1e+00, 2e+00]
Found heuristic solution: objective 1.0000000
Presolve removed 0 rows and 11 columns
Presolve time: 0.00s
Presolved: 31 rows, 89 columns, 264 nonzeros
Variable types: 0 continuous, 89 integer (88 binary)

Root relaxation: objective 6.388913e+00, 76 iterations, 0.00 seconds

    Nodes    |    Current Node    |     Objective Bounds      |     Work
 Expl Unexpl |  Obj  Depth IntInf | Incumbent    BestBd   Gap | It/Node Time

     0     0    6.38891    0   27    1.00000    6.38891   539%     -    0s
H    0     0                       4.0000000    6.38891  59.7%     -    0s
     0     0    5.17647    0   18    4.00000    5.17647  29.4%     -    0s

Cutting planes:
  Gomory: 3
  Cover: 6
  GUB cover: 1
  Zero half: 2

Explored 1 nodes (112 simplex iterations) in 0.03 seconds
Thread count was 24 (of 24 available processors)

Solution count 2: 4 1 

Optimal solution found (tolerance 1.00e-04)
Best objective 4.000000000000e+00, best bound 4.000000000000e+00, gap 0.0000%

Wrote result file 'probleme_equitable.sol'


Gurobi 8.0.1 (linux64) logging started Tue Feb 11 18:42:57 2025


Gurobi Optimizer version 8.0.1 build v8.0.1rc0 (linux64)
Copyright (c) 2018, Gurobi Optimization, LLC

Read LP format model from file probleme_kpremiers.lp
Reading time = 0.00 seconds
: 20 rows, 55 columns, 110 nonzeros
Optimize a model with 20 rows, 55 columns and 110 nonzeros
Variable types: 0 continuous, 55 integer (55 binary)
Coefficient statistics:
  Matrix range     [1e+00, 1e+00]
  Objective range  [1e+00, 1e+00]
  Bounds range     [1e+00, 1e+00]
  RHS range        [1e+00, 2e+00]
Found heuristic solution: objective 11.0000000
Presolve removed 2 rows and 5 columns
Presolve time: 0.00s
Presolved: 18 rows, 50 columns, 100 nonzeros
Variable types: 0 continuous, 50 integer (50 binary)

Root relaxation: cutoff, 0 iterations, 0.00 seconds

Explored 0 nodes (0 simplex iterations) in 0.00 seconds
Thread count was 24 (of 24 available processors)

Solution count 1: 11 

Optimal solution found (tolerance 1.00e-04)
Best objective 1.100000000000e+01, best bound 1.100000000000e+01, gap 0.0000%

Wrote result file 'probleme_kpremiers.sol'


Gurobi 8.0.1 (linux64) logging started Tue Feb 11 18:44:18 2025


Gurobi Optimizer version 8.0.1 build v8.0.1rc0 (linux64)
Copyright (c) 2018, Gurobi Optimization, LLC

Read LP format model from file probleme_utilitariste_egalitariste.lp
Reading time = 0.00 seconds
: 31 rows, 100 columns, 297 nonzeros
Optimize a model with 31 rows, 100 columns and 297 nonzeros
Variable types: 0 continuous, 100 integer (99 binary)
Coefficient statistics:
  Matrix range     [1e+00, 8e+00]
  Objective range  [1e+00, 2e+01]
  Bounds range     [1e+00, 1e+00]
  RHS range        [1e+00, 2e+00]
Found heuristic solution: objective 83.0000000
Presolve time: 0.00s
Presolved: 31 rows, 100 columns, 297 nonzeros
Variable types: 0 continuous, 100 integer (99 binary)

Root relaxation: objective 1.594000e+02, 16 iterations, 0.00 seconds

    Nodes    |    Current Node    |     Objective Bounds      |     Work
 Expl Unexpl |  Obj  Depth IntInf | Incumbent    BestBd   Gap | It/Node Time

     0     0  159.40000    0   10   83.00000  159.40000  92.0%     -    0s
H    0     0                     159.0000000  159.40000  0.25%     -    0s

Explored 1 nodes (18 simplex iterations) in 0.00 seconds
Thread count was 24 (of 24 available processors)

Solution count 2: 159 83 

Optimal solution found (tolerance 1.00e-04)
Best objective 1.590000000000e+02, best bound 1.590000000000e+02, gap 0.0000%

Wrote result file 'probleme_utilitariste_egalitariste.sol'


Gurobi 8.0.1 (linux64) logging started Tue Feb 11 18:46:22 2025


Gurobi Optimizer version 8.0.1 build v8.0.1rc0 (linux64)
Copyright (c) 2018, Gurobi Optimization, LLC

Error reading LP format file probleme_utilitariste_egalitariste.lp at line 2
Malformed term in expression
Neighboring tokens: " + 6 x10_8Subject To constr_affectation_0: x0_0 "


ERROR 10012: Unable to read file


Gurobi 8.0.1 (linux64) logging started Tue Feb 11 18:46:49 2025


Gurobi Optimizer version 8.0.1 build v8.0.1rc0 (linux64)
Copyright (c) 2018, Gurobi Optimization, LLC

Read LP format model from file probleme_utilitariste_egalitariste.lp
Reading time = 0.00 seconds
: 31 rows, 100 columns, 297 nonzeros
Optimize a model with 31 rows, 100 columns and 297 nonzeros
Variable types: 0 continuous, 100 integer (99 binary)
Coefficient statistics:
  Matrix range     [1e+00, 8e+00]
  Objective range  [2e+00, 2e+01]
  Bounds range     [1e+00, 1e+00]
  RHS range        [1e+00, 2e+00]
Found heuristic solution: objective 82.0000000
Presolve removed 11 rows and 1 columns
Presolve time: 0.00s
Presolved: 20 rows, 99 columns, 198 nonzeros
Variable types: 0 continuous, 99 integer (99 binary)

Root relaxation: objective 1.560000e+02, 9 iterations, 0.00 seconds

    Nodes    |    Current Node    |     Objective Bounds      |     Work
 Expl Unexpl |  Obj  Depth IntInf | Incumbent    BestBd   Gap | It/Node Time

*    0     0               0     156.0000000  156.00000  0.00%     -    0s

Explored 0 nodes (9 simplex iterations) in 0.01 seconds
Thread count was 24 (of 24 available processors)

Solution count 2: 156 82 

Optimal solution found (tolerance 1.00e-04)
Best objective 1.560000000000e+02, best bound 1.560000000000e+02, gap 0.0000%

Wrote result file 'probleme_utilitariste_egalitariste.sol'


Gurobi 8.0.1 (linux64) logging started Tue Feb 11 19:00:56 2025


Gurobi Optimizer version 8.0.1 build v8.0.1rc0 (linux64)
Copyright (c) 2018, Gurobi Optimization, LLC

Error reading LP format file probleme_utilitariste_egalitariste.lp at line 3
Malformed term in expression
Neighboring tokens: " + 6 x10_8 z Subject To constr_affectation_0: "


ERROR 10012: Unable to read file


Gurobi 8.0.1 (linux64) logging started Tue Feb 11 19:01:33 2025


Gurobi Optimizer version 8.0.1 build v8.0.1rc0 (linux64)
Copyright (c) 2018, Gurobi Optimization, LLC

Read LP format model from file probleme_utilitariste_egalitariste.lp
Reading time = 0.00 seconds
: 31 rows, 100 columns, 297 nonzeros
Optimize a model with 31 rows, 100 columns and 297 nonzeros
Variable types: 0 continuous, 100 integer (99 binary)
Coefficient statistics:
  Matrix range     [1e+00, 8e+00]
  Objective range  [1e+00, 2e+01]
  Bounds range     [1e+00, 1e+00]
  RHS range        [1e+00, 2e+00]
Found heuristic solution: objective 83.0000000
Presolve time: 0.00s
Presolved: 31 rows, 100 columns, 297 nonzeros
Variable types: 0 continuous, 100 integer (99 binary)

Root relaxation: objective 1.594000e+02, 16 iterations, 0.00 seconds

    Nodes    |    Current Node    |     Objective Bounds      |     Work
 Expl Unexpl |  Obj  Depth IntInf | Incumbent    BestBd   Gap | It/Node Time

     0     0  159.40000    0   10   83.00000  159.40000  92.0%     -    0s
H    0     0                     159.0000000  159.40000  0.25%     -    0s

Explored 1 nodes (18 simplex iterations) in 0.01 seconds
Thread count was 24 (of 24 available processors)

Solution count 2: 159 83 

Optimal solution found (tolerance 1.00e-04)
Best objective 1.590000000000e+02, best bound 1.590000000000e+02, gap 0.0000%

Wrote result file 'probleme_utilitariste_egalitariste.sol'


Gurobi 8.0.1 (linux64) logging started Tue Feb 11 19:03:35 2025


Gurobi Optimizer version 8.0.1 build v8.0.1rc0 (linux64)
Copyright (c) 2018, Gurobi Optimization, LLC

Read LP format model from file probleme_utilitariste_egalitariste.lp
Reading time = 0.00 seconds
: 31 rows, 100 columns, 297 nonzeros
Optimize a model with 31 rows, 100 columns and 297 nonzeros
Variable types: 0 continuous, 100 integer (99 binary)
Coefficient statistics:
  Matrix range     [1e+00, 8e+00]
  Objective range  [2e+00, 2e+01]
  Bounds range     [1e+00, 1e+00]
  RHS range        [1e+00, 2e+00]
Found heuristic solution: objective 82.0000000
Presolve removed 11 rows and 1 columns
Presolve time: 0.00s
Presolved: 20 rows, 99 columns, 198 nonzeros
Variable types: 0 continuous, 99 integer (99 binary)

Root relaxation: objective 1.560000e+02, 9 iterations, 0.00 seconds

    Nodes    |    Current Node    |     Objective Bounds      |     Work
 Expl Unexpl |  Obj  Depth IntInf | Incumbent    BestBd   Gap | It/Node Time

*    0     0               0     156.0000000  156.00000  0.00%     -    0s

Explored 0 nodes (9 simplex iterations) in 0.01 seconds
Thread count was 24 (of 24 available processors)

Solution count 2: 156 82 

Optimal solution found (tolerance 1.00e-04)
Best objective 1.560000000000e+02, best bound 1.560000000000e+02, gap 0.0000%

Wrote result file 'probleme_utilitariste_egalitariste.sol'


Gurobi 8.0.1 (linux64) logging started Tue Feb 11 19:09:42 2025


Gurobi Optimizer version 8.0.1 build v8.0.1rc0 (linux64)
Copyright (c) 2018, Gurobi Optimization, LLC

Error reading LP format file probleme_utilitariste_egalitariste.lp at line 2
Malformed term in expression
Neighboring tokens: " + 6 x10_8 constr_utilite_etudiant_0: 2 x0_0 + "


ERROR 10012: Unable to read file


Gurobi 8.0.1 (linux64) logging started Tue Feb 11 19:11:13 2025


Gurobi Optimizer version 8.0.1 build v8.0.1rc0 (linux64)
Copyright (c) 2018, Gurobi Optimization, LLC

Read LP format model from file probleme_utilitariste_egalitariste.lp
Reading time = 0.00 seconds
: 31 rows, 100 columns, 297 nonzeros
Optimize a model with 31 rows, 100 columns and 297 nonzeros
Variable types: 0 continuous, 100 integer (99 binary)
Coefficient statistics:
  Matrix range     [1e+00, 8e+00]
  Objective range  [2e+00, 2e+01]
  Bounds range     [1e+00, 1e+00]
  RHS range        [1e+00, 2e+00]
Found heuristic solution: objective 82.0000000
Presolve removed 11 rows and 1 columns
Presolve time: 0.00s
Presolved: 20 rows, 99 columns, 198 nonzeros
Variable types: 0 continuous, 99 integer (99 binary)

Root relaxation: objective 1.560000e+02, 9 iterations, 0.00 seconds

    Nodes    |    Current Node    |     Objective Bounds      |     Work
 Expl Unexpl |  Obj  Depth IntInf | Incumbent    BestBd   Gap | It/Node Time

*    0     0               0     156.0000000  156.00000  0.00%     -    0s

Explored 0 nodes (9 simplex iterations) in 0.01 seconds
Thread count was 24 (of 24 available processors)

Solution count 2: 156 82 

Optimal solution found (tolerance 1.00e-04)
Best objective 1.560000000000e+02, best bound 1.560000000000e+02, gap 0.0000%

Wrote result file 'probleme_utilitariste_egalitariste.sol'


Gurobi 8.0.1 (linux64) logging started Tue Feb 11 19:12:21 2025


Gurobi Optimizer version 8.0.1 build v8.0.1rc0 (linux64)
Copyright (c) 2018, Gurobi Optimization, LLC

Read LP format model from file probleme_utilitariste_egalitariste.lp
Reading time = 0.00 seconds
: 31 rows, 100 columns, 297 nonzeros
Optimize a model with 31 rows, 100 columns and 297 nonzeros
Variable types: 0 continuous, 100 integer (99 binary)
Coefficient statistics:
  Matrix range     [1e+00, 8e+00]
  Objective range  [1e+00, 2e+01]
  Bounds range     [1e+00, 1e+00]
  RHS range        [1e+00, 2e+00]
Found heuristic solution: objective 83.0000000
Presolve time: 0.00s
Presolved: 31 rows, 100 columns, 297 nonzeros
Variable types: 0 continuous, 100 integer (99 binary)

Root relaxation: objective 1.594000e+02, 20 iterations, 0.00 seconds

    Nodes    |    Current Node    |     Objective Bounds      |     Work
 Expl Unexpl |  Obj  Depth IntInf | Incumbent    BestBd   Gap | It/Node Time

     0     0  159.40000    0   10   83.00000  159.40000  92.0%     -    0s
H    0     0                     159.0000000  159.40000  0.25%     -    0s

Explored 1 nodes (21 simplex iterations) in 0.01 seconds
Thread count was 24 (of 24 available processors)

Solution count 2: 159 83 

Optimal solution found (tolerance 1.00e-04)
Best objective 1.590000000000e+02, best bound 1.590000000000e+02, gap 0.0000%

Wrote result file 'probleme_utilitariste_egalitariste.sol'


Gurobi 8.0.1 (linux64) logging started Tue Feb 11 19:22:36 2025


Gurobi Optimizer version 8.0.1 build v8.0.1rc0 (linux64)
Copyright (c) 2018, Gurobi Optimization, LLC

Read LP format model from file kpremier_efficace.lp
Reading time = 0.00 seconds
: 20 rows, 99 columns, 154 nonzeros
Optimize a model with 20 rows, 99 columns and 154 nonzeros
Variable types: 0 continuous, 99 integer (99 binary)
Coefficient statistics:
  Matrix range     [1e+00, 1e+00]
  Objective range  [2e+00, 2e+01]
  Bounds range     [1e+00, 1e+00]
  RHS range        [1e+00, 2e+00]
Found heuristic solution: objective 117.0000000
Presolve removed 1 rows and 42 columns
Presolve time: 0.00s
Presolved: 19 rows, 57 columns, 110 nonzeros
Variable types: 0 continuous, 57 integer (57 binary)

Root relaxation: objective 1.540000e+02, 13 iterations, 0.00 seconds

    Nodes    |    Current Node    |     Objective Bounds      |     Work
 Expl Unexpl |  Obj  Depth IntInf | Incumbent    BestBd   Gap | It/Node Time

*    0     0               0     154.0000000  154.00000  0.00%     -    0s

Explored 0 nodes (13 simplex iterations) in 0.01 seconds
Thread count was 24 (of 24 available processors)

Solution count 2: 154 117 

Optimal solution found (tolerance 1.00e-04)
Best objective 1.540000000000e+02, best bound 1.540000000000e+02, gap 0.0000%

Wrote result file 'kpremier_efficace.sol'


Gurobi 8.0.1 (linux64) logging started Tue Feb 11 19:24:20 2025


Gurobi Optimizer version 8.0.1 build v8.0.1rc0 (linux64)
Copyright (c) 2018, Gurobi Optimization, LLC

Read LP format model from file kpremier_efficace.lp
Reading time = 0.00 seconds
: 20 rows, 99 columns, 154 nonzeros
Optimize a model with 20 rows, 99 columns and 154 nonzeros
Variable types: 0 continuous, 99 integer (99 binary)
Coefficient statistics:
  Matrix range     [1e+00, 1e+00]
  Objective range  [2e+00, 2e+01]
  Bounds range     [1e+00, 1e+00]
  RHS range        [1e+00, 2e+00]
Found heuristic solution: objective 81.0000000
Presolve removed 3 rows and 58 columns
Presolve time: 0.00s
Presolved: 17 rows, 41 columns, 78 nonzeros
Found heuristic solution: objective 163.0000000
Variable types: 0 continuous, 41 integer (41 binary)

Root relaxation: objective 1.700000e+02, 6 iterations, 0.00 seconds

    Nodes    |    Current Node    |     Objective Bounds      |     Work
 Expl Unexpl |  Obj  Depth IntInf | Incumbent    BestBd   Gap | It/Node Time

*    0     0               0     170.0000000  170.00000  0.00%     -    0s

Explored 0 nodes (6 simplex iterations) in 0.01 seconds
Thread count was 24 (of 24 available processors)

Solution count 3: 170 163 118 

Optimal solution found (tolerance 1.00e-04)
Best objective 1.700000000000e+02, best bound 1.700000000000e+02, gap 0.0000%

Wrote result file 'kpremier_efficace.sol'


Gurobi 8.0.1 (linux64) logging started Tue Feb 11 19:24:55 2025


Gurobi Optimizer version 8.0.1 build v8.0.1rc0 (linux64)
Copyright (c) 2018, Gurobi Optimization, LLC

Read LP format model from file kpremier_efficace.lp
Reading time = 0.00 seconds
: 20 rows, 99 columns, 154 nonzeros
Optimize a model with 20 rows, 99 columns and 154 nonzeros
Variable types: 0 continuous, 99 integer (99 binary)
Coefficient statistics:
  Matrix range     [1e+00, 1e+00]
  Objective range  [2e+00, 2e+01]
  Bounds range     [1e+00, 1e+00]
  RHS range        [1e+00, 2e+00]
Found heuristic solution: objective 117.0000000
Presolve removed 1 rows and 42 columns
Presolve time: 0.00s
Presolved: 19 rows, 57 columns, 110 nonzeros
Variable types: 0 continuous, 57 integer (57 binary)

Root relaxation: objective 1.540000e+02, 13 iterations, 0.00 seconds

    Nodes    |    Current Node    |     Objective Bounds      |     Work
 Expl Unexpl |  Obj  Depth IntInf | Incumbent    BestBd   Gap | It/Node Time

*    0     0               0     154.0000000  154.00000  0.00%     -    0s

Explored 0 nodes (13 simplex iterations) in 0.01 seconds
Thread count was 24 (of 24 available processors)

Solution count 2: 154 117 

Optimal solution found (tolerance 1.00e-04)
Best objective 1.540000000000e+02, best bound 1.540000000000e+02, gap 0.0000%

Wrote result file 'kpremier_efficace.sol'

